RAM Allocation [bytes]
Variable                                                                          Address   Size
------------------------------------------------------------------------------------------------
DAT_ADC                                                                           0x0500      20
timer                                                                             0x0514       4
DAT_7685                                                                          0x0518      10
DATA                                                                              0x0522    1000
rx_buffer0                                                                        0x090A       8
_seed                                                                             0x0912       4

EEPROM Allocation [bytes]
Variable                                                                          Address   Size
------------------------------------------------------------------------------------------------

Register Allocation
Variable                                                                          Register  Size
------------------------------------------------------------------------------------------------
KOEFF_VEL                                                                         R4           1
data_adc                                                                          R5,R6        2
ad_7685                                                                           GPIOR0.0  1bit
gotov                                                                             GPIOR0.1  1bit
adc_en                                                                            GPIOR0.2  1bit
nk                                                                                R7,R8        2
nk0                                                                               R9,R10       2
rx_wr_index0                                                                      R3           1
rx_rd_index0                                                                      R12          1
rx_counter0                                                                       R11          1
rx_buffer_overflow0                                                               GPIOR0.3  1bit

FLASH Allocation [words]
Function                                                                          Address   Size
------------------------------------------------------------------------------------------------
usart_rx_isr                                                                      0x0008F     54
timer0_ovf_isr                                                                    0x000C5    119
timer2_ovf_isr                                                                    0x0013C     25
main                                                                              0x00155    196
putchar                                                                           0x00219      9
put_usart_G100                                                                    0x00222     13
_ftoe_G100                                                                        0x0022F    210
_print_G100                                                                       0x00301    541
printf                                                                            0x0051E     37
spi                                                                               0x00543      9
ftrunc                                                                            0x0054C     49
floor                                                                             0x0057D     23
strcpyf                                                                           0x00594     13
strlen                                                                            0x005A1     12
strlenf                                                                           0x005AD     13
ftoa                                                                              0x005BA    161
